error: `const` methods are not supported
 --> $DIR/const_method.rs:5:5
  |
5 |     const fn bar(&self, baz: u64);
  |     ^^^^^
  |
note: Required for mockable traits
 --> $DIR/const_method.rs:3:1
  |
3 | #[mockable]
  | ^^^^^^^^^^^

error: aborting due to previous error

